// Jest Snapshot v1, https://goo.gl/fbAQLP

exports[`<Checkbox /> renders correctly 1`] = `
<div
  className="Count"
>
  <p
    className="Count__Text"
  >
    There are 
    <span
      className="purple"
    >
      0
       files
    </span>
     you can delete from your 
     workspace.
  </p>
  <p
    className="Count__Text"
  >
    It could save you 
    <span
      className="red"
    >
      0 Bytes
    </span>
  </p>
</div>
`;
